GPU NVIDIA GeForce GTX 1650/PCIe/SSE2 (NVIDIA Corporation)
OpenGL 4.6.0 NVIDIA 552.22
[Atlas] Texture size is: 4096x4096 (max: 32768x32768)
Found work dir at 'C:/Users/diego/Documents/GitHub/OTA-CLIENT/'
== application started at Aug 18 2025 03:48:27
OTCv8 3.1 rev 0 (dev) made by otclient.net built on Feb  6 2025 for arch x86
FATAL ERROR: Critical lua error!
C++ call failed:
@/modules/game_things/things.lua|fatal error
stack traceback:
	[builtin#142]: at 0x006fda30
	[C]: in function 'loadDat'
	/modules/game_things/things.lua:31: in function 'load'
	/modules/game_features/features.lua:199: in function </modules/game_features/features.lua:9>
	[C]: in function 'setClientVersion'
	/modules/client_entergame/entergame.lua:547: in function 'doLogin'
	/modules/client_entergame/entergame.otui:177: [@onClick]:2: in function </modules/client_entergame/entergame.otui:177: [@onClick]:1>
GPU NVIDIA GeForce GTX 1650/PCIe/SSE2 (NVIDIA Corporation)
OpenGL 4.6.0 NVIDIA 552.22
[Atlas] Texture size is: 4096x4096 (max: 32768x32768)
Found work dir at 'C:/Users/diego/Documents/GitHub/OTA-CLIENT/'
== application started at Aug 18 2025 03:49:40
OTCv8 3.1 rev 0 (dev) made by otclient.net built on Feb  6 2025 for arch x86
FATAL ERROR: Critical lua error!
C++ call failed:
@/modules/game_things/things.lua|fatal error
stack traceback:
	[builtin#142]: at 0x006fda30
	[C]: in function 'loadDat'
	/modules/game_things/things.lua:31: in function 'load'
	/modules/game_features/features.lua:199: in function </modules/game_features/features.lua:9>
	[C]: in function 'setClientVersion'
	/modules/client_entergame/entergame.lua:547: in function 'doLogin'
	/modules/client_entergame/entergame.otui:177: [@onClick]:2: in function </modules/client_entergame/entergame.otui:177: [@onClick]:1>
GPU NVIDIA GeForce GTX 1650/PCIe/SSE2 (NVIDIA Corporation)
OpenGL 4.6.0 NVIDIA 552.22
[Atlas] Texture size is: 4096x4096 (max: 32768x32768)
Found work dir at 'C:/Users/diego/Documents/GitHub/OTA-CLIENT/'
== application started at Aug 18 2025 03:51:40
OTCv8 3.1 rev 0 (dev) made by otclient.net built on Feb  6 2025 for arch x86
FATAL ERROR: Critical lua error!
C++ call failed:
@/modules/game_things/things.lua|fatal error
stack traceback:
	[builtin#142]: at 0x006fda30
	[C]: in function 'loadDat'
	/modules/game_things/things.lua:31: in function 'load'
	/modules/game_features/features.lua:199: in function </modules/game_features/features.lua:9>
	[C]: in function 'setClientVersion'
	/modules/client_entergame/entergame.lua:547: in function 'doLogin'
	/modules/client_entergame/entergame.otui:3: [@onEnter]:2: in function </modules/client_entergame/entergame.otui:3: [@onEnter]:1>
	[C]: in function 'pcall'
	/modules/corelib/util.lua:311: in function 'signalcall'
	/modules/corelib/ui/uiwindow.lua:15: in function </modules/corelib/ui/uiwindow.lua:12>
GPU NVIDIA GeForce GTX 1650/PCIe/SSE2 (NVIDIA Corporation)
OpenGL 4.6.0 NVIDIA 552.22
[Atlas] Texture size is: 4096x4096 (max: 32768x32768)
Found work dir at 'C:/Users/diego/Documents/GitHub/OTA-CLIENT/'
== application started at Aug 18 2025 03:55:06
OTCv8 3.1 rev 0 (dev) made by otclient.net built on Feb  6 2025 for arch x86
Connecting to: 31.97.82.145:7171
Connecting to: 31.97.82.145:7171
Login to 31.97.82.145:7172
Minimap couldn't be loaded, file missing?
Exiting application..
WARNING: widget 'widget1455' was not explicitly destroyed
GPU NVIDIA GeForce GTX 1650/PCIe/SSE2 (NVIDIA Corporation)
OpenGL 4.6.0 NVIDIA 552.22
[Atlas] Texture size is: 4096x4096 (max: 32768x32768)
Found work dir at 'C:/Users/diego/Documents/GitHub/OTA-CLIENT/'
== application started at Aug 18 2025 04:42:51
OTCv8 3.1 rev 0 (dev) made by otclient.net built on Feb  6 2025 for arch x86
ERROR: Failed to read dat '/things/860/Tibia.dat': a thing type has more than 4096 sprites'
ERROR: Failed to read dat '/things/860/Tibia.dat': a thing type has more than 4096 sprites'
ERROR: Failed to read dat '/things/860/Tibia.dat': a thing type has more than 4096 sprites'
ERROR: Failed to read dat '/things/860/Tibia.dat': a thing type has more than 4096 sprites'
Exiting application..
WARNING: widget 'widget1455' was not explicitly destroyed
GPU NVIDIA GeForce GTX 1650/PCIe/SSE2 (NVIDIA Corporation)
OpenGL 4.6.0 NVIDIA 552.22
[Atlas] Texture size is: 4096x4096 (max: 32768x32768)
Found work dir at 'C:/Users/diego/Documents/GitHub/OTA-CLIENT/'
== application started at Aug 18 2025 04:44:27
OTCv8 3.1 rev 0 (dev) made by otclient.net built on Feb  6 2025 for arch x86
ERROR: Failed to read dat '/things/860/Tibia.dat': a thing type has more than 4096 sprites'
ERROR: Failed to read dat '/things/860/Tibia.dat': a thing type has more than 4096 sprites'
Exiting application..
WARNING: widget 'widget1455' was not explicitly destroyed
GPU NVIDIA GeForce GTX 1650/PCIe/SSE2 (NVIDIA Corporation)
OpenGL 4.6.0 NVIDIA 552.22
[Atlas] Texture size is: 4096x4096 (max: 32768x32768)
Found work dir at 'C:/Users/diego/Documents/GitHub/OTA-CLIENT/'
== application started at Aug 18 2025 04:45:23
OTCv8 3.1 rev 0 (dev) made by otclient.net built on Feb  6 2025 for arch x86
ERROR: Failed to read dat '/things/860/Tibia.dat': a thing type has more than 4096 sprites'
ERROR: Failed to read dat '/things/860/Tibia.dat': a thing type has more than 4096 sprites'
Exiting application..
WARNING: widget 'widget1455' was not explicitly destroyed
GPU NVIDIA GeForce GTX 1650/PCIe/SSE2 (NVIDIA Corporation)
OpenGL 4.6.0 NVIDIA 552.22
[Atlas] Texture size is: 4096x4096 (max: 32768x32768)
Found work dir at 'C:/Users/diego/Documents/GitHub/OTA-CLIENT/'
== application started at Aug 18 2025 04:46:06
OTCv8 3.1 rev 0 (dev) made by otclient.net built on Feb  6 2025 for arch x86
Connecting to: 31.97.82.145:7171
Connecting to: 31.97.82.145:7171
Login to 31.97.82.145:7172
GPU NVIDIA GeForce GTX 1650/PCIe/SSE2 (NVIDIA Corporation)
OpenGL 4.6.0 NVIDIA 552.22
[Atlas] Texture size is: 4096x4096 (max: 32768x32768)
Found work dir at 'C:/Users/diego/Documents/GitHub/OTA-CLIENT/'
== application started at Aug 18 2025 04:47:16
OTCv8 3.1 rev 0 (dev) made by otclient.net built on Feb  6 2025 for arch x86
ERROR: Missing file: 740/Tibia.spr
Missing file: 740/Tibia.dat

You should open data/things and create directory 740.
In this directory (data/things/740) you should put missing
files (Tibia.dat and Tibia.spr/Tibia.cwm) from correct Tibia version.
Connecting to: 31.97.82.145:7171
Login to 31.97.82.145:7172
ERROR: unable to open file for writing '/settings/questlog.json': not found
ERROR: unable to open file for writing '/settings/profiles.json': not found
ERROR: unable to open file for writing '/settings/profile_1/actionbar_v2.json': not found
ERROR: unable to open file for writing '/settings/profile_1/topbar.json': not found
Login to 31.97.82.145:7172
Login to 31.97.82.145:7172
WARNING: attempt to destroy widget 'widget1455' two times
Exiting application..
Login to 31.97.82.145:7172
Exiting application..
GPU NVIDIA GeForce GTX 1650/PCIe/SSE2 (NVIDIA Corporation)
OpenGL 4.6.0 NVIDIA 552.22
[Atlas] Texture size is: 4096x4096 (max: 32768x32768)
Found work dir at 'C:/Users/diego/Documents/GitHub/OTA-CLIENT/'
== application started at Aug 18 2025 04:52:14
OTCv8 3.1 rev 0 (dev) made by otclient.net built on Feb  6 2025 for arch x86
Connecting to: 31.97.82.145:7171
Login to 31.97.82.145:7172
Minimap couldn't be loaded, file missing?
Exiting application..
WARNING: widget 'widget1455' was not explicitly destroyed
GPU NVIDIA GeForce GTX 1650/PCIe/SSE2 (NVIDIA Corporation)
OpenGL 4.6.0 NVIDIA 552.22
[Atlas] Texture size is: 4096x4096 (max: 32768x32768)
Found work dir at 'C:/Users/diego/Documents/GitHub/OTA-CLIENT/'
== application started at Aug 18 2025 04:54:35
OTCv8 3.1 rev 0 (dev) made by otclient.net built on Feb  6 2025 for arch x86
Connecting to: 31.97.82.145:7171
Login to 31.97.82.145:7172
Minimap couldn't be loaded, file missing?
Exiting application..
WARNING: widget 'widget1455' was not explicitly destroyed
GPU NVIDIA GeForce GTX 1650/PCIe/SSE2 (NVIDIA Corporation)
OpenGL 4.6.0 NVIDIA 552.22
[Atlas] Texture size is: 4096x4096 (max: 32768x32768)
Found work dir at 'C:/Users/diego/Documents/GitHub/OTA-CLIENT/'
== application started at Aug 18 2025 04:55:35
OTCv8 3.1 rev 0 (dev) made by otclient.net built on Feb  6 2025 for arch x86
Connecting to: 31.97.82.145:7171
Login to 31.97.82.145:7172
Minimap couldn't be loaded, file missing?
Exiting application..
WARNING: widget 'widget1455' was not explicitly destroyed
GPU NVIDIA GeForce GTX 1650/PCIe/SSE2 (NVIDIA Corporation)
OpenGL 4.6.0 NVIDIA 552.22
[Atlas] Texture size is: 4096x4096 (max: 32768x32768)
Found work dir at 'C:/Users/diego/Documents/GitHub/OTA-CLIENT/'
== application started at Aug 18 2025 04:58:11
OTCv8 3.1 rev 0 (dev) made by otclient.net built on Feb  6 2025 for arch x86
Connecting to: 31.97.82.145:7171
Login to 31.97.82.145:7172
Minimap couldn't be loaded, file missing?
Exiting application..
GPU NVIDIA GeForce GTX 1650/PCIe/SSE2 (NVIDIA Corporation)
OpenGL 4.6.0 NVIDIA 552.22
[Atlas] Texture size is: 4096x4096 (max: 32768x32768)
Found work dir at 'C:/Users/diego/Documents/GitHub/OTA-CLIENT/'
== application started at Aug 18 2025 04:59:19
OTCv8 3.1 rev 0 (dev) made by otclient.net built on Feb  6 2025 for arch x86
Connecting to: 31.97.82.145:7171
Login to 31.97.82.145:7172
Minimap couldn't be loaded, file missing?
Exiting application..
WARNING: widget 'widget1455' was not explicitly destroyed
GPU NVIDIA GeForce GTX 1650/PCIe/SSE2 (NVIDIA Corporation)
OpenGL 4.6.0 NVIDIA 552.22
[Atlas] Texture size is: 4096x4096 (max: 32768x32768)
Found work dir at 'C:/Users/diego/Documents/GitHub/OTA-CLIENT/'
== application started at Aug 18 2025 05:00:25
OTCv8 3.1 rev 0 (dev) made by otclient.net built on Feb  6 2025 for arch x86
Connecting to: 31.97.82.145:7171
Login to 31.97.82.145:7172
Minimap couldn't be loaded, file missing?
Exiting application..
WARNING: widget 'widget1455' was not explicitly destroyed
GPU NVIDIA GeForce GTX 1650/PCIe/SSE2 (NVIDIA Corporation)
OpenGL 4.6.0 NVIDIA 552.22
[Atlas] Texture size is: 4096x4096 (max: 32768x32768)
Found work dir at 'C:/Users/diego/Documents/GitHub/OTA-CLIENT/'
== application started at Aug 18 2025 05:01:09
OTCv8 3.1 rev 0 (dev) made by otclient.net built on Feb  6 2025 for arch x86
Connecting to: 31.97.82.145:7171
Login to 31.97.82.145:7172
Minimap couldn't be loaded, file missing?
Exiting application..
WARNING: widget 'widget1455' was not explicitly destroyed
GPU NVIDIA GeForce GTX 1650/PCIe/SSE2 (NVIDIA Corporation)
OpenGL 4.6.0 NVIDIA 552.22
[Atlas] Texture size is: 4096x4096 (max: 32768x32768)
Found work dir at 'C:/Users/diego/Documents/GitHub/OTA-CLIENT/'
== application started at Aug 18 2025 05:02:12
OTCv8 3.1 rev 0 (dev) made by otclient.net built on Feb  6 2025 for arch x86
Connecting to: 31.97.82.145:7171
Login to 31.97.82.145:7172
Minimap couldn't be loaded, file missing?
Exiting application..
WARNING: widget 'widget1455' was not explicitly destroyed
